// Vitest Snapshot v1, https://vitest.dev/guide/snapshot.html

exports[`ITEMLIST > SHOUULD MATCH SNAPSHOT 1`] = `
<div>
  <h1>
    Lista de items
  </h1>
  <div>
    Mocked Item Counter Component
  </div>
  <div>
    Mocked Item Counter Component
  </div>
  <div>
    Mocked Item Counter Component
  </div>
</div>
`;
